// Jest Snapshot v1, https://goo.gl/fbAQLP

exports[`should return connection from mongo cursor 1`] = `
Object {
  "count": 4,
  "edges": Array [
    Object {
      "cursor": "bW9uZ286MA==",
      "node": "user",
    },
    Object {
      "cursor": "bW9uZ286MQ==",
      "node": "user",
    },
  ],
  "endCursorOffset": 2,
  "pageInfo": Object {
    "endCursor": "bW9uZ286MQ==",
    "hasNextPage": true,
    "hasPreviousPage": false,
    "startCursor": "bW9uZ286MA==",
  },
  "startCursorOffset": 0,
}
`;
